Using pre-set license
Built from '6000.0/respin/6000.0.59f1-063c55f2fd0f' branch; Version is '6000.0.59f2 (ef281c76c3c1) revision 15673372'; Using compiler version '193933523'; Build Type 'Release'
OS: 'Windows 11  (10.0.26100) 64bit Professional' Language: 'en' Physical Memory: 7984 MB
BatchMode: 1, IsHumanControllingUs: 0, StartBugReporterOnCrash: 0, Is64bit: 1
Date: 2025-12-16T14:12:57Z

COMMAND LINE ARGUMENTS:
D:\Ewnety\6000.0.59f2\Editor\Unity.exe
-adb2
-batchMode
-noUpm
-name
AssetImportWorker2
-projectPath
C:/Users/Maxi/Documents/GitHub/Sanicball-DX
-logFile
Logs/AssetImportWorker2.log
-srvPort
58697
-job-worker-count
5
-background-job-worker-count
8
-gc-helper-count
1
-name
AssetImport
Successfully changed project path to: C:/Users/Maxi/Documents/GitHub/Sanicball-DX
C:/Users/Maxi/Documents/GitHub/Sanicball-DX
[UnityMemory] Configuration Parameters - Can be set up in boot.config
    "memorysetup-bucket-allocator-granularity=16"
    "memorysetup-bucket-allocator-bucket-count=8"
    "memorysetup-bucket-allocator-block-size=33554432"
    "memorysetup-bucket-allocator-block-count=8"
    "memorysetup-main-allocator-block-size=16777216"
    "memorysetup-thread-allocator-block-size=16777216"
    "memorysetup-gfx-main-allocator-block-size=16777216"
    "memorysetup-gfx-thread-allocator-block-size=16777216"
    "memorysetup-cache-allocator-block-size=4194304"
    "memorysetup-typetree-allocator-block-size=2097152"
    "memorysetup-profiler-bucket-allocator-granularity=16"
    "memorysetup-profiler-bucket-allocator-bucket-count=8"
    "memorysetup-profiler-bucket-allocator-block-size=33554432"
    "memorysetup-profiler-bucket-allocator-block-count=8"
    "memorysetup-profiler-allocator-block-size=16777216"
    "memorysetup-profiler-editor-allocator-block-size=1048576"
    "memorysetup-temp-allocator-size-main=16777216"
    "memorysetup-job-temp-allocator-block-size=2097152"
    "memorysetup-job-temp-allocator-block-size-background=1048576"
    "memorysetup-job-temp-allocator-reduction-small-platforms=262144"
    "memorysetup-allocator-temp-initial-block-size-main=262144"
    "memorysetup-allocator-temp-initial-block-size-worker=262144"
    "memorysetup-temp-allocator-size-background-worker=32768"
    "memorysetup-temp-allocator-size-job-worker=262144"
    "memorysetup-temp-allocator-size-preload-manager=33554432"
    "memorysetup-temp-allocator-size-nav-mesh-worker=65536"
    "memorysetup-temp-allocator-size-audio-worker=65536"
    "memorysetup-temp-allocator-size-cloud-worker=32768"
    "memorysetup-temp-allocator-size-gi-baking-worker=262144"
    "memorysetup-temp-allocator-size-gi-baking-worker=262144"
    "memorysetup-temp-allocator-size-gi-baking-worker=262144"
    "memorysetup-temp-allocator-size-gi-baking-worker=262144"
    "memorysetup-temp-allocator-size-gi-baking-worker=262144"
    "memorysetup-temp-allocator-size-gfx=262144"
Player connection [14860]  Target information:

Player connection [14860]  * "[IP] 192.168.178.105 [Port] 0 [Flags] 2 [Guid] 1874134407 [EditorId] 1874134407 [Version] 1048832 [Id] WindowsEditor(7,FunniPC) [Debug] 1 [PackageName] WindowsEditor [ProjectName] Editor" 

Player connection [14860]  * "[IP] 192.168.59.1 [Port] 0 [Flags] 2 [Guid] 1874134407 [EditorId] 1874134407 [Version] 1048832 [Id] WindowsEditor(7,FunniPC) [Debug] 1 [PackageName] WindowsEditor [ProjectName] Editor" 

Player connection [14860]  * "[IP] 192.168.206.1 [Port] 0 [Flags] 2 [Guid] 1874134407 [EditorId] 1874134407 [Version] 1048832 [Id] WindowsEditor(7,FunniPC) [Debug] 1 [PackageName] WindowsEditor [ProjectName] Editor" 

Player connection [14860] Host joined multi-casting on [225.0.0.222:54997]...
Player connection [14860] Host joined alternative multi-casting on [225.0.0.222:34997]...
JobSystem: Creating JobQueue using job-worker-count value 5
Input System module state changed to: Initialized.
[Physics::Module] Initialized fallback backend.
[Physics::Module] Id: 0xdecafbad
Library Redirect Path: Library/
[Physics::Module] Selected backend.
[Physics::Module] Name: PhysX
[Physics::Module] Id: 0xf2b8ea05
[Physics::Module] SDK Version: 4.1.2
[Physics::Module] Integration Version: 1.0.0
[Physics::Module] Threading Mode: Multi-Threaded
Refreshing native plugins compatible for Editor in 28.14 ms, found 2 plugins.
Preloading 0 native plugins for Editor in 0.00 ms.
Initialize engine version: 6000.0.59f2 (ef281c76c3c1)
[Subsystems] Discovering subsystems at path D:/Ewnety/6000.0.59f2/Editor/Data/Resources/UnitySubsystems
[Subsystems] Discovering subsystems at path C:/Users/Maxi/Documents/GitHub/Sanicball-DX/Assets
GfxDevice: creating device client; kGfxThreadingModeNonThreaded
Direct3D:
    Version:  Direct3D 11.0 [level 11.1]
    Renderer: AMD Radeon RX 7700 XT (ID=0x747e)
    Vendor:   ATI
    VRAM:     12272 MB
    Driver:   32.0.22029.9039
Initialize mono
Mono path[0] = 'D:/Ewnety/6000.0.59f2/Editor/Data/Managed'
Mono path[1] = 'D:/Ewnety/6000.0.59f2/Editor/Data/MonoBleedingEdge/lib/mono/unityjit-win32'
Mono config path = 'D:/Ewnety/6000.0.59f2/Editor/Data/MonoBleedingEdge/etc'
Using monoOptions --debugger-agent=transport=dt_socket,embedding=1,server=y,suspend=n,address=127.0.0.1:56548
Begin MonoManager ReloadAssembly
Registering precompiled unity dll's ...
Register platform support module: D:/Ewnety/6000.0.59f2/Editor/Data/PlaybackEngines/WindowsStandaloneSupport/UnityEditor.WindowsStandalone.Extensions.dll
Registered in 0.004711 seconds.
- Loaded All Assemblies, in  0.856 seconds
Native extension for WindowsStandalone target not found
Mono: successfully reloaded assembly
- Finished resetting the current domain, in  0.579 seconds
Domain Reload Profiling: 1435ms
	BeginReloadAssembly (389ms)
		ExecutionOrderSort (0ms)
		DisableScriptedObjects (0ms)
		BackupInstance (0ms)
		ReleaseScriptingObjects (0ms)
		CreateAndSetChildDomain (2ms)
	RebuildCommonClasses (81ms)
	RebuildNativeTypeToScriptingClass (25ms)
	initialDomainReloadingComplete (106ms)
	LoadAllAssembliesAndSetupDomain (255ms)
		LoadAssemblies (386ms)
		RebuildTransferFunctionScriptingTraits (0ms)
		AnalyzeDomain (245ms)
			TypeCache.Refresh (243ms)
				TypeCache.ScanAssembly (218ms)
			BuildScriptInfoCaches (0ms)
			ResolveRequiredComponents (1ms)
	FinalizeReload (579ms)
		ReleaseScriptCaches (0ms)
		RebuildScriptCaches (0ms)
		SetupLoadedEditorAssemblies (523ms)
			LogAssemblyErrors (0ms)
			InitializePlatformSupportModulesInManaged (37ms)
			SetLoadedEditorAssemblies (7ms)
			BeforeProcessingInitializeOnLoad (149ms)
			ProcessInitializeOnLoadAttributes (248ms)
			ProcessInitializeOnLoadMethodAttributes (82ms)
			AfterProcessingInitializeOnLoad (0ms)
			EditorAssembliesLoaded (0ms)
		ExecutionOrderSort2 (0ms)
		AwakeInstancesAfterBackupRestoration (0ms)
========================================================================
Worker process is ready to serve import requests
Import Worker Mode flag is 0x00
Begin MonoManager ReloadAssembly
Duplicate assembly 'Newtonsoft.Json.dll' with different versions detected, using 'Packages/com.unity.nuget.newtonsoft-json/Runtime/Newtonsoft.Json.dll, AssemblyName=Newtonsoft.Json, Version=13.0.0.0, Culture=neutral, PublicKeyToken=30ad4fe6b2a6aeed' and ignoring 'Assets/Assemblies/Newtonsoft.Json.dll, AssemblyName=Newtonsoft.Json, Version=6.0.0.0, Culture=neutral, PublicKeyToken=30ad4fe6b2a6aeed'.Symbol file LoadedFromMemory is not a mono symbol file
- Loaded All Assemblies, in  2.180 seconds
OnLevelWasLoaded was found on MatchManager
This message has been deprecated and will be removed in a later version of Unity.
Add a delegate to SceneManager.sceneLoaded instead to get notifications after scene loading has completed
Refreshing native plugins compatible for Editor in 49.73 ms, found 2 plugins.
OnLevelWasLoaded was found on MatchManager
This message has been deprecated and will be removed in a later version of Unity.
Add a delegate to SceneManager.sceneLoaded instead to get notifications after scene loading has completed
Native extension for WindowsStandalone target not found
Refreshing native plugins compatible for Editor in 11.11 ms, found 2 plugins.
Package Manager log level set to [2]
[Package Manager] Failed to launch server process. Reason: Unity was launched with the -noUpm command-line argument
[Package Manager] Unable to send message (not connected to server process).
[Package Manager] Cannot connect to Unity Package Manager local server
Mono: successfully reloaded assembly
- Finished resetting the current domain, in  2.095 seconds
Domain Reload Profiling: 4273ms
	BeginReloadAssembly (679ms)
		ExecutionOrderSort (0ms)
		DisableScriptedObjects (20ms)
		BackupInstance (0ms)
		ReleaseScriptingObjects (0ms)
		CreateAndSetChildDomain (168ms)
	RebuildCommonClasses (68ms)
	RebuildNativeTypeToScriptingClass (18ms)
	initialDomainReloadingComplete (51ms)
	LoadAllAssembliesAndSetupDomain (1361ms)
		LoadAssemblies (1221ms)
		RebuildTransferFunctionScriptingTraits (0ms)
		AnalyzeDomain (489ms)
			TypeCache.Refresh (359ms)
				TypeCache.ScanAssembly (320ms)
			BuildScriptInfoCaches (108ms)
			ResolveRequiredComponents (13ms)
	FinalizeReload (2096ms)
		ReleaseScriptCaches (0ms)
		RebuildScriptCaches (0ms)
		SetupLoadedEditorAssemblies (1671ms)
			LogAssemblyErrors (0ms)
			InitializePlatformSupportModulesInManaged (10ms)
			SetLoadedEditorAssemblies (9ms)
			BeforeProcessingInitializeOnLoad (439ms)
			ProcessInitializeOnLoadAttributes (795ms)
			ProcessInitializeOnLoadMethodAttributes (412ms)
			AfterProcessingInitializeOnLoad (4ms)
			EditorAssembliesLoaded (1ms)
		ExecutionOrderSort2 (0ms)
		AwakeInstancesAfterBackupRestoration (14ms)
Launched and connected shader compiler UnityShaderCompiler.exe after 0.04 seconds
Refreshing native plugins compatible for Editor in 17.50 ms, found 2 plugins.
Preloading 0 native plugins for Editor in 0.00 ms.
Unloading 0 Unused Serialized files (Serialized files now loaded: 0)
Unloading 3101 unused Assets / (0.9 MB). Loaded Objects now: 3628.
Memory consumption went from 84.9 MB to 84.0 MB.
Total: 25.422500 ms (FindLiveObjects: 1.161800 ms CreateObjectMapping: 1.152300 ms MarkObjects: 20.979800 ms  DeleteObjects: 2.125500 ms)

========================================================================
Received Import Request.
  Time since last request: 100132.235253 seconds.
  path: Assets/Scenes/Lobby.unity
  artifactKey: Guid(c1e00a02ec0c7304584fa323ef166aaf) Importer(815301076,1909f56bfc062723c751e8b465ee728b)
Start importing Assets/Scenes/Lobby.unity using Guid(c1e00a02ec0c7304584fa323ef166aaf) Importer(815301076,1909f56bfc062723c751e8b465ee728b) (PreviewImporter) -> (artifact id: 'badb57a0ccb29e0014ad0998898d4eb0') in 0.0199772 seconds
Number of updated asset objects reloaded before import = 0Number of asset objects unloaded after import = 0

========================================================================
Received Import Request.
  Time since last request: 10.722466 seconds.
  path: Assets/Scenes/Menu.unity
  artifactKey: Guid(451586f28ff22a946b895ef0d457d0d9) Importer(815301076,1909f56bfc062723c751e8b465ee728b)
Start importing Assets/Scenes/Menu.unity using Guid(451586f28ff22a946b895ef0d457d0d9) Importer(815301076,1909f56bfc062723c751e8b465ee728b) (PreviewImporter) -> (artifact id: 'ed31152975b3df6059cbd9d8ca32a29c') in 0.0030412 seconds
Number of updated asset objects reloaded before import = 0Number of asset objects unloaded after import = 0

========================================================================
Received Import Request.
  Time since last request: 12.568898 seconds.
  path: Assets/Art
  artifactKey: Guid(36c4ea7b89ce35447886010c537d7a99) Importer(815301076,1909f56bfc062723c751e8b465ee728b)
Start importing Assets/Art using Guid(36c4ea7b89ce35447886010c537d7a99) Importer(815301076,1909f56bfc062723c751e8b465ee728b) (PreviewImporter) -> (artifact id: '7b78c833f84dfdd42d574dc5f002a0f8') in 0.0024686 seconds
Number of updated asset objects reloaded before import = 0Number of asset objects unloaded after import = 0

========================================================================
Received Import Request.
  Time since last request: 40.455669 seconds.
  path: Assets/Scenes/TestingTrack.unity
  artifactKey: Guid(385f6386bc8958a439098aa5a25acb6d) Importer(815301076,1909f56bfc062723c751e8b465ee728b)
Start importing Assets/Scenes/TestingTrack.unity using Guid(385f6386bc8958a439098aa5a25acb6d) Importer(815301076,1909f56bfc062723c751e8b465ee728b) (PreviewImporter) -> (artifact id: '3e5ccfaf4c222142cb085b122c8fa227') in 0.002338 seconds
Number of updated asset objects reloaded before import = 0Number of asset objects unloaded after import = 0

========================================================================
Received Import Request.
  Time since last request: 21.069969 seconds.
  path: Assets/Scenes/Track_GreenHillNew.unity
  artifactKey: Guid(84ec1bd52058df5439f3802601070816) Importer(815301076,1909f56bfc062723c751e8b465ee728b)
Start importing Assets/Scenes/Track_GreenHillNew.unity using Guid(84ec1bd52058df5439f3802601070816) Importer(815301076,1909f56bfc062723c751e8b465ee728b) (PreviewImporter) -> (artifact id: '3450b45d86d4257b5c67f9f2c9bc67c1') in 0.0032065 seconds
Number of updated asset objects reloaded before import = 0Number of asset objects unloaded after import = 0

========================================================================
Received Import Request.
  Time since last request: 12.520460 seconds.
  path: Assets/Scenes/Track_GreenHillZone.unity
  artifactKey: Guid(dd3bbb09ce1af034192ad01d199b5a98) Importer(815301076,1909f56bfc062723c751e8b465ee728b)
Start importing Assets/Scenes/Track_GreenHillZone.unity using Guid(dd3bbb09ce1af034192ad01d199b5a98) Importer(815301076,1909f56bfc062723c751e8b465ee728b) (PreviewImporter) -> (artifact id: '36babc7c1f33f8ec815a70a7099b25b9') in 0.0013756 seconds
Number of updated asset objects reloaded before import = 0Number of asset objects unloaded after import = 0

========================================================================
Received Prepare
Begin MonoManager ReloadAssembly
Duplicate assembly 'Newtonsoft.Json.dll' with different versions detected, using 'Packages/com.unity.nuget.newtonsoft-json/Runtime/Newtonsoft.Json.dll, AssemblyName=Newtonsoft.Json, Version=13.0.0.0, Culture=neutral, PublicKeyToken=30ad4fe6b2a6aeed' and ignoring 'Assets/Assemblies/Newtonsoft.Json.dll, AssemblyName=Newtonsoft.Json, Version=6.0.0.0, Culture=neutral, PublicKeyToken=30ad4fe6b2a6aeed'.Symbol file LoadedFromMemory is not a mono symbol file
- Loaded All Assemblies, in  4.110 seconds
OnLevelWasLoaded was found on MatchManager
This message has been deprecated and will be removed in a later version of Unity.
Add a delegate to SceneManager.sceneLoaded instead to get notifications after scene loading has completed
Refreshing native plugins compatible for Editor in 45.78 ms, found 2 plugins.
OnLevelWasLoaded was found on MatchManager
This message has been deprecated and will be removed in a later version of Unity.
Add a delegate to SceneManager.sceneLoaded instead to get notifications after scene loading has completed
Native extension for WindowsStandalone target not found
[Package Manager] Failed to launch server process. Reason: Unity was launched with the -noUpm command-line argument
[Package Manager] Unable to send message (not connected to server process).
[Package Manager] Cannot connect to Unity Package Manager local server
Mono: successfully reloaded assembly
- Finished resetting the current domain, in  2.293 seconds
Domain Reload Profiling: 6431ms
	BeginReloadAssembly (766ms)
		ExecutionOrderSort (1ms)
		DisableScriptedObjects (99ms)
		BackupInstance (0ms)
		ReleaseScriptingObjects (1ms)
		CreateAndSetChildDomain (197ms)
	RebuildCommonClasses (83ms)
	RebuildNativeTypeToScriptingClass (23ms)
	initialDomainReloadingComplete (67ms)
	LoadAllAssembliesAndSetupDomain (3198ms)
		LoadAssemblies (2625ms)
		RebuildTransferFunctionScriptingTraits (0ms)
		AnalyzeDomain (823ms)
			TypeCache.Refresh (64ms)
				TypeCache.ScanAssembly (0ms)
			BuildScriptInfoCaches (694ms)
			ResolveRequiredComponents (32ms)
	FinalizeReload (2295ms)
		ReleaseScriptCaches (0ms)
		RebuildScriptCaches (0ms)
		SetupLoadedEditorAssemblies (1753ms)
			LogAssemblyErrors (0ms)
			InitializePlatformSupportModulesInManaged (6ms)
			SetLoadedEditorAssemblies (18ms)
			BeforeProcessingInitializeOnLoad (407ms)
			ProcessInitializeOnLoadAttributes (812ms)
			ProcessInitializeOnLoadMethodAttributes (506ms)
			AfterProcessingInitializeOnLoad (4ms)
			EditorAssembliesLoaded (1ms)
		ExecutionOrderSort2 (0ms)
		AwakeInstancesAfterBackupRestoration (22ms)
Refreshing native plugins compatible for Editor in 26.40 ms, found 2 plugins.
Preloading 0 native plugins for Editor in 0.00 ms.
Unloading 0 Unused Serialized files (Serialized files now loaded: 0)
Unloading 3099 unused Assets / (0.7 MB). Loaded Objects now: 3630.
Memory consumption went from 85.3 MB to 84.6 MB.
Total: 19.512900 ms (FindLiveObjects: 0.851800 ms CreateObjectMapping: 0.757500 ms MarkObjects: 16.076300 ms  DeleteObjects: 1.824100 ms)

Prepare: number of updated asset objects reloaded= 0
========================================================================
Received Prepare
Begin MonoManager ReloadAssembly
Duplicate assembly 'Newtonsoft.Json.dll' with different versions detected, using 'Packages/com.unity.nuget.newtonsoft-json/Runtime/Newtonsoft.Json.dll, AssemblyName=Newtonsoft.Json, Version=13.0.0.0, Culture=neutral, PublicKeyToken=30ad4fe6b2a6aeed' and ignoring 'Assets/Assemblies/Newtonsoft.Json.dll, AssemblyName=Newtonsoft.Json, Version=6.0.0.0, Culture=neutral, PublicKeyToken=30ad4fe6b2a6aeed'.Symbol file LoadedFromMemory is not a mono symbol file
- Loaded All Assemblies, in  1.433 seconds
OnLevelWasLoaded was found on MatchManager
This message has been deprecated and will be removed in a later version of Unity.
Add a delegate to SceneManager.sceneLoaded instead to get notifications after scene loading has completed
Refreshing native plugins compatible for Editor in 17.77 ms, found 2 plugins.
OnLevelWasLoaded was found on MatchManager
This message has been deprecated and will be removed in a later version of Unity.
Add a delegate to SceneManager.sceneLoaded instead to get notifications after scene loading has completed
Native extension for WindowsStandalone target not found
[Package Manager] Failed to launch server process. Reason: Unity was launched with the -noUpm command-line argument
[Package Manager] Unable to send message (not connected to server process).
[Package Manager] Cannot connect to Unity Package Manager local server
Mono: successfully reloaded assembly
- Finished resetting the current domain, in  1.494 seconds
Domain Reload Profiling: 2931ms
	BeginReloadAssembly (474ms)
		ExecutionOrderSort (0ms)
		DisableScriptedObjects (12ms)
		BackupInstance (0ms)
		ReleaseScriptingObjects (0ms)
		CreateAndSetChildDomain (93ms)
	RebuildCommonClasses (77ms)
	RebuildNativeTypeToScriptingClass (23ms)
	initialDomainReloadingComplete (40ms)
	LoadAllAssembliesAndSetupDomain (822ms)
		LoadAssemblies (944ms)
		RebuildTransferFunctionScriptingTraits (0ms)
		AnalyzeDomain (164ms)
			TypeCache.Refresh (9ms)
				TypeCache.ScanAssembly (0ms)
			BuildScriptInfoCaches (142ms)
			ResolveRequiredComponents (8ms)
	FinalizeReload (1495ms)
		ReleaseScriptCaches (0ms)
		RebuildScriptCaches (0ms)
		SetupLoadedEditorAssemblies (1201ms)
			LogAssemblyErrors (0ms)
			InitializePlatformSupportModulesInManaged (4ms)
			SetLoadedEditorAssemblies (10ms)
			BeforeProcessingInitializeOnLoad (191ms)
			ProcessInitializeOnLoadAttributes (562ms)
			ProcessInitializeOnLoadMethodAttributes (430ms)
			AfterProcessingInitializeOnLoad (3ms)
			EditorAssembliesLoaded (1ms)
		ExecutionOrderSort2 (0ms)
		AwakeInstancesAfterBackupRestoration (30ms)
Refreshing native plugins compatible for Editor in 51.25 ms, found 2 plugins.
Preloading 0 native plugins for Editor in 0.00 ms.
Unloading 0 Unused Serialized files (Serialized files now loaded: 0)
Unloading 3099 unused Assets / (1.3 MB). Loaded Objects now: 3630.
Memory consumption went from 85.3 MB to 84.0 MB.
Total: 44.926500 ms (FindLiveObjects: 6.714600 ms CreateObjectMapping: 4.570300 ms MarkObjects: 29.522200 ms  DeleteObjects: 4.115000 ms)

Prepare: number of updated asset objects reloaded= 0
========================================================================
Received Prepare
Begin MonoManager ReloadAssembly
Duplicate assembly 'Newtonsoft.Json.dll' with different versions detected, using 'Packages/com.unity.nuget.newtonsoft-json/Runtime/Newtonsoft.Json.dll, AssemblyName=Newtonsoft.Json, Version=13.0.0.0, Culture=neutral, PublicKeyToken=30ad4fe6b2a6aeed' and ignoring 'Assets/Assemblies/Newtonsoft.Json.dll, AssemblyName=Newtonsoft.Json, Version=6.0.0.0, Culture=neutral, PublicKeyToken=30ad4fe6b2a6aeed'.Symbol file LoadedFromMemory is not a mono symbol file
- Loaded All Assemblies, in  1.343 seconds
OnLevelWasLoaded was found on MatchManager
This message has been deprecated and will be removed in a later version of Unity.
Add a delegate to SceneManager.sceneLoaded instead to get notifications after scene loading has completed
Refreshing native plugins compatible for Editor in 20.88 ms, found 2 plugins.
OnLevelWasLoaded was found on MatchManager
This message has been deprecated and will be removed in a later version of Unity.
Add a delegate to SceneManager.sceneLoaded instead to get notifications after scene loading has completed
Native extension for WindowsStandalone target not found
[Package Manager] Failed to launch server process. Reason: Unity was launched with the -noUpm command-line argument
[Package Manager] Unable to send message (not connected to server process).
[Package Manager] Cannot connect to Unity Package Manager local server
Mono: successfully reloaded assembly
- Finished resetting the current domain, in  2.320 seconds
Domain Reload Profiling: 3660ms
	BeginReloadAssembly (354ms)
		ExecutionOrderSort (0ms)
		DisableScriptedObjects (11ms)
		BackupInstance (0ms)
		ReleaseScriptingObjects (0ms)
		CreateAndSetChildDomain (76ms)
	RebuildCommonClasses (60ms)
	RebuildNativeTypeToScriptingClass (17ms)
	initialDomainReloadingComplete (44ms)
	LoadAllAssembliesAndSetupDomain (866ms)
		LoadAssemblies (816ms)
		RebuildTransferFunctionScriptingTraits (0ms)
		AnalyzeDomain (245ms)
			TypeCache.Refresh (25ms)
				TypeCache.ScanAssembly (0ms)
			BuildScriptInfoCaches (203ms)
			ResolveRequiredComponents (11ms)
	FinalizeReload (2321ms)
		ReleaseScriptCaches (0ms)
		RebuildScriptCaches (0ms)
		SetupLoadedEditorAssemblies (2071ms)
			LogAssemblyErrors (0ms)
			InitializePlatformSupportModulesInManaged (4ms)
			SetLoadedEditorAssemblies (11ms)
			BeforeProcessingInitializeOnLoad (321ms)
			ProcessInitializeOnLoadAttributes (1200ms)
			ProcessInitializeOnLoadMethodAttributes (530ms)
			AfterProcessingInitializeOnLoad (3ms)
			EditorAssembliesLoaded (1ms)
		ExecutionOrderSort2 (0ms)
		AwakeInstancesAfterBackupRestoration (16ms)
Refreshing native plugins compatible for Editor in 30.41 ms, found 2 plugins.
Preloading 0 native plugins for Editor in 0.00 ms.
Unloading 0 Unused Serialized files (Serialized files now loaded: 0)
Unloading 3099 unused Assets / (1.2 MB). Loaded Objects now: 3630.
Memory consumption went from 85.3 MB to 84.1 MB.
Total: 21.880000 ms (FindLiveObjects: 1.184500 ms CreateObjectMapping: 0.974200 ms MarkObjects: 14.688600 ms  DeleteObjects: 5.011000 ms)

Prepare: number of updated asset objects reloaded= 0
========================================================================
Received Import Request.
  Time since last request: 222.190766 seconds.
  path: Assets/Scripts
  artifactKey: Guid(758ba1f2370d167409c4329f9a144088) Importer(815301076,1909f56bfc062723c751e8b465ee728b)
Start importing Assets/Scripts using Guid(758ba1f2370d167409c4329f9a144088) Importer(815301076,1909f56bfc062723c751e8b465ee728b) (PreviewImporter) -> (artifact id: 'b85923df96ea88fd365a5fcf36a5efc5') in 0.0050208 seconds
Number of updated asset objects reloaded before import = 0Number of asset objects unloaded after import = 0

========================================================================
Received Import Request.
  Time since last request: 9.072006 seconds.
  path: Assets/Scripts/Main Menu Xbox Handler
  artifactKey: Guid(371646659ce9d17408089dfbf377ef06) Importer(815301076,1909f56bfc062723c751e8b465ee728b)
Start importing Assets/Scripts/Main Menu Xbox Handler using Guid(371646659ce9d17408089dfbf377ef06) Importer(815301076,1909f56bfc062723c751e8b465ee728b) (PreviewImporter) -> (artifact id: 'e6c148a95b8ea242977dd2475c5cbbc3') in 0.0010409 seconds
Number of updated asset objects reloaded before import = 0Number of asset objects unloaded after import = 0

========================================================================
Received Import Request.
  Time since last request: 1.253410 seconds.
  path: Assets/Scripts/Main Menu Xbox Handler/PCOnlySettingsDisable.cs
  artifactKey: Guid(c3b8156b7390c894c8a2187663d41b42) Importer(815301076,1909f56bfc062723c751e8b465ee728b)
Start importing Assets/Scripts/Main Menu Xbox Handler/PCOnlySettingsDisable.cs using Guid(c3b8156b7390c894c8a2187663d41b42) Importer(815301076,1909f56bfc062723c751e8b465ee728b) (PreviewImporter) -> (artifact id: '52fb6e8c8a30af04429f819bb9401ea7') in 0.0020925 seconds
Number of updated asset objects reloaded before import = 0Number of asset objects unloaded after import = 0

========================================================================
Received Import Request.
  Time since last request: 1085.971200 seconds.
  path: Assets/Art/Test/DX-16-12-2025_1.png
  artifactKey: Guid(35a5c3c494f5c614ab723421990067b4) Importer(815301076,1909f56bfc062723c751e8b465ee728b)
Start importing Assets/Art/Test/DX-16-12-2025_1.png using Guid(35a5c3c494f5c614ab723421990067b4) Importer(815301076,1909f56bfc062723c751e8b465ee728b) (PreviewImporter) -> (artifact id: '65588999e7d33aa023cbf9c04d458fdc') in 0.5312448 seconds
Number of updated asset objects reloaded before import = 0Number of asset objects unloaded after import = 2

========================================================================
Received Import Request.
  Time since last request: 84.317279 seconds.
  path: Assets/Art/Test
  artifactKey: Guid(e130e162df2bbb24db8f3dac727194ff) Importer(815301076,1909f56bfc062723c751e8b465ee728b)
Start importing Assets/Art/Test using Guid(e130e162df2bbb24db8f3dac727194ff) Importer(815301076,1909f56bfc062723c751e8b465ee728b) (PreviewImporter) -> (artifact id: '0ed7a6ee6c0918372b8f92e85ebe79ef') in 0.0023079 seconds
Number of updated asset objects reloaded before import = 0Number of asset objects unloaded after import = 0

========================================================================
Received Import Request.
  Time since last request: 6.168316 seconds.
  path: Assets/Art/Test/DX-16-12-2025_1.png
  artifactKey: Guid(35a5c3c494f5c614ab723421990067b4) Importer(815301076,1909f56bfc062723c751e8b465ee728b)
Start importing Assets/Art/Test/DX-16-12-2025_1.png using Guid(35a5c3c494f5c614ab723421990067b4) Importer(815301076,1909f56bfc062723c751e8b465ee728b) (PreviewImporter) -> (artifact id: '15b3c3cb58f585703a834e891fbebd99') in 0.0334918 seconds
Number of updated asset objects reloaded before import = 0Number of asset objects unloaded after import = 2

========================================================================
Received Import Request.
  Time since last request: 3.248635 seconds.
  path: Assets/Art/Test/DX-16-12-2025_1.png
  artifactKey: Guid(35a5c3c494f5c614ab723421990067b4) Importer(815301076,1909f56bfc062723c751e8b465ee728b)
Start importing Assets/Art/Test/DX-16-12-2025_1.png using Guid(35a5c3c494f5c614ab723421990067b4) Importer(815301076,1909f56bfc062723c751e8b465ee728b) (PreviewImporter) -> (artifact id: '3b11b6f60f4eec89d7e1f5b617944070') in 0.0327226 seconds
Number of updated asset objects reloaded before import = 0Number of asset objects unloaded after import = 2

========================================================================
Received Import Request.
  Time since last request: 0.006882 seconds.
  path: Assets/Art/Test/SANICBALL-16-12-2025_1.png
  artifactKey: Guid(14ceeba4aef7df24eb5b774292f2654f) Importer(815301076,1909f56bfc062723c751e8b465ee728b)
Start importing Assets/Art/Test/SANICBALL-16-12-2025_1.png using Guid(14ceeba4aef7df24eb5b774292f2654f) Importer(815301076,1909f56bfc062723c751e8b465ee728b) (PreviewImporter) -> (artifact id: 'f6dbcf49446da76e7550dbdd3e16044a') in 0.0318589 seconds
Number of updated asset objects reloaded before import = 0Number of asset objects unloaded after import = 2

========================================================================
Received Import Request.
  Time since last request: 21.892904 seconds.
  path: Assets/Art/User Interface/Textures/BoxSpikes.psd
  artifactKey: Guid(8a51afae3e51a444c9ca546fca18e1f2) Importer(815301076,1909f56bfc062723c751e8b465ee728b)
Start importing Assets/Art/User Interface/Textures/BoxSpikes.psd using Guid(8a51afae3e51a444c9ca546fca18e1f2) Importer(815301076,1909f56bfc062723c751e8b465ee728b) (PreviewImporter) -> (artifact id: '9e29ece44ee6ef37a62079c3ad82d951') in 0.2566523 seconds
Number of updated asset objects reloaded before import = 0Number of asset objects unloaded after import = 3

========================================================================
Received Import Request.
  Time since last request: 0.000074 seconds.
  path: Assets/Art/User Interface/Textures/Cancel.psd
  artifactKey: Guid(6bc2d881a2933e3478303d3cb8320d35) Importer(815301076,1909f56bfc062723c751e8b465ee728b)
Start importing Assets/Art/User Interface/Textures/Cancel.psd using Guid(6bc2d881a2933e3478303d3cb8320d35) Importer(815301076,1909f56bfc062723c751e8b465ee728b) (PreviewImporter) -> (artifact id: 'a28a90bde2d5e199c37d7f9306025692') in 0.0438343 seconds
Number of updated asset objects reloaded before import = 0Number of asset objects unloaded after import = 3

========================================================================
Received Import Request.
  Time since last request: 0.000080 seconds.
  path: Assets/Art/User Interface/Textures/GradientLeft.psd
  artifactKey: Guid(2523923facd046c47a017d25da786bce) Importer(815301076,1909f56bfc062723c751e8b465ee728b)
Start importing Assets/Art/User Interface/Textures/GradientLeft.psd using Guid(2523923facd046c47a017d25da786bce) Importer(815301076,1909f56bfc062723c751e8b465ee728b) (PreviewImporter) -> (artifact id: 'a0aa6a3695c2d27fd7994f2b326df9f3') in 0.0355628 seconds
Number of updated asset objects reloaded before import = 0Number of asset objects unloaded after import = 3

========================================================================
Received Import Request.
  Time since last request: 0.000044 seconds.
  path: Assets/Art/User Interface/Control Types/Joystick4.psd
  artifactKey: Guid(ba3cd10b76ae1bd48a83dd7a3ef18ca5) Importer(815301076,1909f56bfc062723c751e8b465ee728b)
Start importing Assets/Art/User Interface/Control Types/Joystick4.psd using Guid(ba3cd10b76ae1bd48a83dd7a3ef18ca5) Importer(815301076,1909f56bfc062723c751e8b465ee728b) (PreviewImporter) -> (artifact id: '536b9eaffd79a4851f2fdaa5b2213329') in 0.0389016 seconds
Number of updated asset objects reloaded before import = 0Number of asset objects unloaded after import = 3

========================================================================
Received Import Request.
  Time since last request: 0.000028 seconds.
  path: Assets/Art/User Interface/Textures/GradientRightAlt.psd
  artifactKey: Guid(feab8ea23fcf2b0448434f238de79c4a) Importer(815301076,1909f56bfc062723c751e8b465ee728b)
Start importing Assets/Art/User Interface/Textures/GradientRightAlt.psd using Guid(feab8ea23fcf2b0448434f238de79c4a) Importer(815301076,1909f56bfc062723c751e8b465ee728b) (PreviewImporter) -> (artifact id: '928ffbf77536c24b7d0de0b9b47bcb43') in 0.0303326 seconds
Number of updated asset objects reloaded before import = 0Number of asset objects unloaded after import = 3

========================================================================
Received Import Request.
  Time since last request: 0.000021 seconds.
  path: Assets/Art/User Interface/Stage Thumbnails/StageThumb_RainbowRoad.jpg
  artifactKey: Guid(af8ac845d97f57e45a78119b192cca54) Importer(815301076,1909f56bfc062723c751e8b465ee728b)
Start importing Assets/Art/User Interface/Stage Thumbnails/StageThumb_RainbowRoad.jpg using Guid(af8ac845d97f57e45a78119b192cca54) Importer(815301076,1909f56bfc062723c751e8b465ee728b) (PreviewImporter) -> (artifact id: '1a00ff4a0055b33af4b3a1dba04e8e52') in 0.0552711 seconds
Number of updated asset objects reloaded before import = 0Number of asset objects unloaded after import = 3

========================================================================
Received Import Request.
  Time since last request: 0.000067 seconds.
  path: Assets/Art/Characters/03 Taels/TaelsIcon.png
  artifactKey: Guid(e55fb0a0a812fcf489b54e1fd0b4947c) Importer(815301076,1909f56bfc062723c751e8b465ee728b)
Start importing Assets/Art/Characters/03 Taels/TaelsIcon.png using Guid(e55fb0a0a812fcf489b54e1fd0b4947c) Importer(815301076,1909f56bfc062723c751e8b465ee728b) (PreviewImporter) -> (artifact id: 'ad0df3465ab2175f2b92132508ad3deb') in 0.039647 seconds
Number of updated asset objects reloaded before import = 0Number of asset objects unloaded after import = 3

========================================================================
Received Import Request.
  Time since last request: 0.000032 seconds.
  path: Assets/Art/User Interface/Stage Thumbnails/StageThumb_DustyDesert.jpg
  artifactKey: Guid(aa4ed67424b96f7428b3787be36fb735) Importer(815301076,1909f56bfc062723c751e8b465ee728b)
Start importing Assets/Art/User Interface/Stage Thumbnails/StageThumb_DustyDesert.jpg using Guid(aa4ed67424b96f7428b3787be36fb735) Importer(815301076,1909f56bfc062723c751e8b465ee728b) (PreviewImporter) -> (artifact id: '570458a725bd4d1e35e8d1ec05eb8328') in 0.0752503 seconds
Number of updated asset objects reloaded before import = 0Number of asset objects unloaded after import = 3

========================================================================
Received Import Request.
  Time since last request: 0.000079 seconds.
  path: Assets/Art/User Interface/Menu+Intro/Intro_Notsega.psd
  artifactKey: Guid(4f4c61751a17712499e1f5b23702556f) Importer(815301076,1909f56bfc062723c751e8b465ee728b)
Start importing Assets/Art/User Interface/Menu+Intro/Intro_Notsega.psd using Guid(4f4c61751a17712499e1f5b23702556f) Importer(815301076,1909f56bfc062723c751e8b465ee728b) (PreviewImporter) -> (artifact id: 'c7f082cd4c3680ae9f16077d03690511') in 0.0504713 seconds
Number of updated asset objects reloaded before import = 0Number of asset objects unloaded after import = 3

========================================================================
Received Import Request.
  Time since last request: 0.000044 seconds.
  path: Assets/Art/User Interface/Textures/Cross.psd
  artifactKey: Guid(2d8df3a4d71f01a4c928bcb19c0c425e) Importer(815301076,1909f56bfc062723c751e8b465ee728b)
Start importing Assets/Art/User Interface/Textures/Cross.psd using Guid(2d8df3a4d71f01a4c928bcb19c0c425e) Importer(815301076,1909f56bfc062723c751e8b465ee728b) (PreviewImporter) -> (artifact id: '3ab37d60e85c17e1f95099a43554cb70') in 0.0513349 seconds
Number of updated asset objects reloaded before import = 0Number of asset objects unloaded after import = 3

========================================================================
Received Import Request.
  Time since last request: 0.000050 seconds.
  path: Assets/Art/Characters/01 Sanic/SanicIcon.png
  artifactKey: Guid(45106eab8e7289244b88d1cb65eee2e1) Importer(815301076,1909f56bfc062723c751e8b465ee728b)
Start importing Assets/Art/Characters/01 Sanic/SanicIcon.png using Guid(45106eab8e7289244b88d1cb65eee2e1) Importer(815301076,1909f56bfc062723c751e8b465ee728b) (PreviewImporter) -> (artifact id: '48912ff65ef6635be10e3346a7d3acc9') in 0.0462411 seconds
Number of updated asset objects reloaded before import = 0Number of asset objects unloaded after import = 3

========================================================================
Received Import Request.
  Time since last request: 0.000041 seconds.
  path: Assets/Art/User Interface/Textures/Arrows.psd
  artifactKey: Guid(3309391e2424b3145aabdff49edda8e8) Importer(815301076,1909f56bfc062723c751e8b465ee728b)
Start importing Assets/Art/User Interface/Textures/Arrows.psd using Guid(3309391e2424b3145aabdff49edda8e8) Importer(815301076,1909f56bfc062723c751e8b465ee728b) (PreviewImporter) -> (artifact id: '80cc09864de49e3fb37352d2c4bb6257') in 0.0571272 seconds
Number of updated asset objects reloaded before import = 0Number of asset objects unloaded after import = 6

========================================================================
Received Import Request.
  Time since last request: 0.000054 seconds.
  path: Assets/Art/User Interface/Textures/BigArrows.psd
  artifactKey: Guid(6baa23ed57aa0394085817db56ba2a63) Importer(815301076,1909f56bfc062723c751e8b465ee728b)
Start importing Assets/Art/User Interface/Textures/BigArrows.psd using Guid(6baa23ed57aa0394085817db56ba2a63) Importer(815301076,1909f56bfc062723c751e8b465ee728b) (PreviewImporter) -> (artifact id: '1e3168c5fdd78769bae19b18698fe7ac') in 0.0493529 seconds
Number of updated asset objects reloaded before import = 0Number of asset objects unloaded after import = 6

========================================================================
Received Import Request.
  Time since last request: 0.000035 seconds.
  path: Assets/Art/Characters/10 Chermy Bee/ChermyIcon.png
  artifactKey: Guid(95b3481512f3b4b489b578b08c88ca20) Importer(815301076,1909f56bfc062723c751e8b465ee728b)
Start importing Assets/Art/Characters/10 Chermy Bee/ChermyIcon.png using Guid(95b3481512f3b4b489b578b08c88ca20) Importer(815301076,1909f56bfc062723c751e8b465ee728b) (PreviewImporter) -> (artifact id: '2fe5823f924c54cf976efcf210225b90') in 0.0423357 seconds
Number of updated asset objects reloaded before import = 0Number of asset objects unloaded after import = 3

========================================================================
Received Import Request.
  Time since last request: 0.000049 seconds.
  path: Assets/Art/User Interface/Stage Thumbnails/StageThumb_GreenHillZone.jpg
  artifactKey: Guid(dc57cdcc46adee64d900215deab711b3) Importer(815301076,1909f56bfc062723c751e8b465ee728b)
Start importing Assets/Art/User Interface/Stage Thumbnails/StageThumb_GreenHillZone.jpg using Guid(dc57cdcc46adee64d900215deab711b3) Importer(815301076,1909f56bfc062723c751e8b465ee728b) (PreviewImporter) -> (artifact id: 'f42c49086d90ad18e7050f0902669beb') in 0.0400237 seconds
Number of updated asset objects reloaded before import = 0Number of asset objects unloaded after import = 3

========================================================================
Received Import Request.
  Time since last request: 0.000054 seconds.
  path: Assets/Art/User Interface/Stage Thumbnails/StageThumb_IceMountain.jpg
  artifactKey: Guid(d40157bf96b0396468a82dbfcacc592e) Importer(815301076,1909f56bfc062723c751e8b465ee728b)
Start importing Assets/Art/User Interface/Stage Thumbnails/StageThumb_IceMountain.jpg using Guid(d40157bf96b0396468a82dbfcacc592e) Importer(815301076,1909f56bfc062723c751e8b465ee728b) (PreviewImporter) -> (artifact id: '024c3fbda29f1e81db92e78e20c83e11') in 0.036792 seconds
Number of updated asset objects reloaded before import = 0Number of asset objects unloaded after import = 3

========================================================================
Received Import Request.
  Time since last request: 0.000048 seconds.
  path: Assets/Art/Characters/11 Sulver/SulverIcon.png
  artifactKey: Guid(2788a9b91b66e0d41847802d974f3d81) Importer(815301076,1909f56bfc062723c751e8b465ee728b)
Start importing Assets/Art/Characters/11 Sulver/SulverIcon.png using Guid(2788a9b91b66e0d41847802d974f3d81) Importer(815301076,1909f56bfc062723c751e8b465ee728b) (PreviewImporter) -> (artifact id: '26d339e9e1b3f78f112b0fe1fd36ffab') in 0.0509869 seconds
Number of updated asset objects reloaded before import = 0Number of asset objects unloaded after import = 3

========================================================================
Received Import Request.
  Time since last request: 0.000083 seconds.
  path: Assets/Art/User Interface/Textures/MusicNote.png
  artifactKey: Guid(1e79d60a79d803e45968cb63e2fc6100) Importer(815301076,1909f56bfc062723c751e8b465ee728b)
Start importing Assets/Art/User Interface/Textures/MusicNote.png using Guid(1e79d60a79d803e45968cb63e2fc6100) Importer(815301076,1909f56bfc062723c751e8b465ee728b) (PreviewImporter) -> (artifact id: '88988b73ab8173147b21f6c2fac847f1') in 0.0538316 seconds
Number of updated asset objects reloaded before import = 0Number of asset objects unloaded after import = 3

========================================================================
Received Import Request.
  Time since last request: 0.000050 seconds.
  path: Assets/Art/Characters/02 Knackles/KnacklesIcon.png
  artifactKey: Guid(15a6f88a301145843ac46f045b3e8066) Importer(815301076,1909f56bfc062723c751e8b465ee728b)
Start importing Assets/Art/Characters/02 Knackles/KnacklesIcon.png using Guid(15a6f88a301145843ac46f045b3e8066) Importer(815301076,1909f56bfc062723c751e8b465ee728b) (PreviewImporter) -> (artifact id: '036e2ba02d539aa5058411c2ffc84276') in 0.048749 seconds
Number of updated asset objects reloaded before import = 0Number of asset objects unloaded after import = 3

========================================================================
Received Import Request.
  Time since last request: 0.000059 seconds.
  path: Assets/Art/User Interface/Textures/BoxSpikesLeftOnlyNoLines.psd
  artifactKey: Guid(8118baf0572d5f64bb906e3b68fe133e) Importer(815301076,1909f56bfc062723c751e8b465ee728b)
Start importing Assets/Art/User Interface/Textures/BoxSpikesLeftOnlyNoLines.psd using Guid(8118baf0572d5f64bb906e3b68fe133e) Importer(815301076,1909f56bfc062723c751e8b465ee728b) (PreviewImporter) -> (artifact id: 'e2301492f6ee6211ee4b054b65a4d10b') in 0.0191581 seconds
Number of updated asset objects reloaded before import = 0Number of asset objects unloaded after import = 3

========================================================================
Received Import Request.
  Time since last request: 0.000031 seconds.
  path: Assets/Art/User Interface/Control Types/Keyboard.psd
  artifactKey: Guid(970204bb823afa6458579313e37bcbae) Importer(815301076,1909f56bfc062723c751e8b465ee728b)
Start importing Assets/Art/User Interface/Control Types/Keyboard.psd using Guid(970204bb823afa6458579313e37bcbae) Importer(815301076,1909f56bfc062723c751e8b465ee728b) (PreviewImporter) -> (artifact id: '4a5942e9efa66f3a5fdb4b65f512fe75') in 0.0433292 seconds
Number of updated asset objects reloaded before import = 0Number of asset objects unloaded after import = 3

========================================================================
Received Import Request.
  Time since last request: 0.000033 seconds.
  path: Assets/Art/Characters/13 Vactor/VactorIcon.png
  artifactKey: Guid(1a49a1fa6c164e5459bd304bc831a180) Importer(815301076,1909f56bfc062723c751e8b465ee728b)
Start importing Assets/Art/Characters/13 Vactor/VactorIcon.png using Guid(1a49a1fa6c164e5459bd304bc831a180) Importer(815301076,1909f56bfc062723c751e8b465ee728b) (PreviewImporter) -> (artifact id: '7ad79bfc6532e0cf636125f65b1cc670') in 0.0423974 seconds
Number of updated asset objects reloaded before import = 0Number of asset objects unloaded after import = 3

========================================================================
Received Import Request.
  Time since last request: 0.000038 seconds.
  path: Assets/Art/User Interface/Spinners/TinySpinner.png
  artifactKey: Guid(6ad2834b7a375c34bb1cd5cc6dc915ec) Importer(815301076,1909f56bfc062723c751e8b465ee728b)
Start importing Assets/Art/User Interface/Spinners/TinySpinner.png using Guid(6ad2834b7a375c34bb1cd5cc6dc915ec) Importer(815301076,1909f56bfc062723c751e8b465ee728b) (PreviewImporter) -> (artifact id: 'a5e359a0187f2c0f63dffbf126668f07') in 0.0720645 seconds
Number of updated asset objects reloaded before import = 0Number of asset objects unloaded after import = 10

========================================================================
Received Import Request.
  Time since last request: 6.346355 seconds.
  path: Assets/Art/User Interface/Spinners/BigSpinner.psd
  artifactKey: Guid(e9b38a7d4d385144db44883e4f57baca) Importer(815301076,1909f56bfc062723c751e8b465ee728b)
Start importing Assets/Art/User Interface/Spinners/BigSpinner.psd using Guid(e9b38a7d4d385144db44883e4f57baca) Importer(815301076,1909f56bfc062723c751e8b465ee728b) (PreviewImporter) -> (artifact id: '81281b60524e34545c651eed628c0818') in 0.1004716 seconds
Number of updated asset objects reloaded before import = 0Number of asset objects unloaded after import = 10

========================================================================
Received Import Request.
  Time since last request: 0.000068 seconds.
  path: Assets/Art/User Interface/Textures/BoxChat.psd
  artifactKey: Guid(6334a335edf69c34794a21c0f57a438d) Importer(815301076,1909f56bfc062723c751e8b465ee728b)
Start importing Assets/Art/User Interface/Textures/BoxChat.psd using Guid(6334a335edf69c34794a21c0f57a438d) Importer(815301076,1909f56bfc062723c751e8b465ee728b) (PreviewImporter) -> (artifact id: '27f83130635c3125a7fd90a309c39d2e') in 0.0495007 seconds
Number of updated asset objects reloaded before import = 0Number of asset objects unloaded after import = 3

========================================================================
Received Import Request.
  Time since last request: 2.663660 seconds.
  path: Assets/Art/Characters/09 Dr Aggmen/AggmenIcon.png
  artifactKey: Guid(941c947f96962a14a81d367db07fd89b) Importer(815301076,1909f56bfc062723c751e8b465ee728b)
Start importing Assets/Art/Characters/09 Dr Aggmen/AggmenIcon.png using Guid(941c947f96962a14a81d367db07fd89b) Importer(815301076,1909f56bfc062723c751e8b465ee728b) (PreviewImporter) -> (artifact id: '50df7ff30e62081b13be9c3eb0a1ac30') in 0.0418012 seconds
Number of updated asset objects reloaded before import = 0Number of asset objects unloaded after import = 3

========================================================================
Received Import Request.
  Time since last request: 0.000052 seconds.
  path: Assets/Art/Characters/08 Big da Cat/BigIcon.png
  artifactKey: Guid(b6aa54ecf652de74c9ebd8704033fc09) Importer(815301076,1909f56bfc062723c751e8b465ee728b)
Start importing Assets/Art/Characters/08 Big da Cat/BigIcon.png using Guid(b6aa54ecf652de74c9ebd8704033fc09) Importer(815301076,1909f56bfc062723c751e8b465ee728b) (PreviewImporter) -> (artifact id: 'a081285d9dea7f15da7e4dded6c037a5') in 0.0395247 seconds
Number of updated asset objects reloaded before import = 0Number of asset objects unloaded after import = 3

========================================================================
Received Import Request.
  Time since last request: 46.312767 seconds.
  path: Assets/Art/Test/DX-16-12-2025_1.png
  artifactKey: Guid(35a5c3c494f5c614ab723421990067b4) Importer(815301076,1909f56bfc062723c751e8b465ee728b)
Start importing Assets/Art/Test/DX-16-12-2025_1.png using Guid(35a5c3c494f5c614ab723421990067b4) Importer(815301076,1909f56bfc062723c751e8b465ee728b) (PreviewImporter) -> (artifact id: 'd31e13ed237e3b5e110856eddbb1f26f') in 0.0295015 seconds
Number of updated asset objects reloaded before import = 0Number of asset objects unloaded after import = 3

========================================================================
Received Import Request.
  Time since last request: 0.004358 seconds.
  path: Assets/Art/Test/SANICBALL-16-12-2025_1.png
  artifactKey: Guid(14ceeba4aef7df24eb5b774292f2654f) Importer(815301076,1909f56bfc062723c751e8b465ee728b)
Start importing Assets/Art/Test/SANICBALL-16-12-2025_1.png using Guid(14ceeba4aef7df24eb5b774292f2654f) Importer(815301076,1909f56bfc062723c751e8b465ee728b) (PreviewImporter) -> (artifact id: 'e29da83f1eb18b830d31be89494461d2') in 0.0275793 seconds
Number of updated asset objects reloaded before import = 0Number of asset objects unloaded after import = 3

========================================================================
Received Import Request.
  Time since last request: 31.549752 seconds.
  path: Assets/Art/Test/SANICBALL-16-12-2025_1.png
  artifactKey: Guid(14ceeba4aef7df24eb5b774292f2654f) Importer(815301076,1909f56bfc062723c751e8b465ee728b)
Start importing Assets/Art/Test/SANICBALL-16-12-2025_1.png using Guid(14ceeba4aef7df24eb5b774292f2654f) Importer(815301076,1909f56bfc062723c751e8b465ee728b) (PreviewImporter) -> (artifact id: '6661668a1e0e7f3e15fbc9f23f01d046') in 0.034469 seconds
Number of updated asset objects reloaded before import = 0Number of asset objects unloaded after import = 3

========================================================================
Received Import Request.
  Time since last request: 5.855950 seconds.
  path: Assets/Art/Test/SANICBALL-16-12-2025_1.png
  artifactKey: Guid(14ceeba4aef7df24eb5b774292f2654f) Importer(815301076,1909f56bfc062723c751e8b465ee728b)
Start importing Assets/Art/Test/SANICBALL-16-12-2025_1.png using Guid(14ceeba4aef7df24eb5b774292f2654f) Importer(815301076,1909f56bfc062723c751e8b465ee728b) (PreviewImporter) -> (artifact id: '5f840ae189f3e025db11de8ba6ad82e2') in 0.0290574 seconds
Number of updated asset objects reloaded before import = 0Number of asset objects unloaded after import = 3

========================================================================
Received Import Request.
  Time since last request: 2.775185 seconds.
  path: Assets/Art/Test/SANICBALL-16-12-2025_1.png
  artifactKey: Guid(14ceeba4aef7df24eb5b774292f2654f) Importer(815301076,1909f56bfc062723c751e8b465ee728b)
Start importing Assets/Art/Test/SANICBALL-16-12-2025_1.png using Guid(14ceeba4aef7df24eb5b774292f2654f) Importer(815301076,1909f56bfc062723c751e8b465ee728b) (PreviewImporter) -> (artifact id: '5742adc6d9bcb3c968bbf539f34bb13c') in 0.0264247 seconds
Number of updated asset objects reloaded before import = 0Number of asset objects unloaded after import = 3

========================================================================
Received Import Request.
  Time since last request: 103.806710 seconds.
  path: Assets/Scenes/Menu/LightingData.asset
  artifactKey: Guid(6b07bd0c488c34046b094a6e7460330e) Importer(815301076,1909f56bfc062723c751e8b465ee728b)
Start importing Assets/Scenes/Menu/LightingData.asset using Guid(6b07bd0c488c34046b094a6e7460330e) Importer(815301076,1909f56bfc062723c751e8b465ee728b) (PreviewImporter) -> (artifact id: 'f1bcb6e65724ff108df5768de945d22f') in 0.0052274 seconds
Number of updated asset objects reloaded before import = 0Number of asset objects unloaded after import = 2

========================================================================
Received Import Request.
  Time since last request: 0.020573 seconds.
  path: Assets/Scenes/Menu/Lightmap-1_comp_light.exr
  artifactKey: Guid(73c7cf8bf7725c4469aa634e81d8a456) Importer(815301076,1909f56bfc062723c751e8b465ee728b)
Start importing Assets/Scenes/Menu/Lightmap-1_comp_light.exr using Guid(73c7cf8bf7725c4469aa634e81d8a456) Importer(815301076,1909f56bfc062723c751e8b465ee728b) (PreviewImporter) -> (artifact id: 'c2c282b6603b3bd3855a959fa4217d61') in 0.1459454 seconds
Number of updated asset objects reloaded before import = 0Number of asset objects unloaded after import = 2

========================================================================
Received Import Request.
  Time since last request: 0.000056 seconds.
  path: Assets/Scenes/Menu/LightmapNear-0.exr
  artifactKey: Guid(51c5db0468132c342ba3b36041de1876) Importer(815301076,1909f56bfc062723c751e8b465ee728b)
Start importing Assets/Scenes/Menu/LightmapNear-0.exr using Guid(51c5db0468132c342ba3b36041de1876) Importer(815301076,1909f56bfc062723c751e8b465ee728b) (PreviewImporter) -> (artifact id: '574b3abb8a2b14bee4d3c48801d7dba1') in 0.0457765 seconds
Number of updated asset objects reloaded before import = 0Number of asset objects unloaded after import = 2

========================================================================
Received Import Request.
  Time since last request: 0.000078 seconds.
  path: Assets/Scenes/Menu/Lightmap-1_comp_dir.png
  artifactKey: Guid(5b660d5518244ce48b1830f55606e5ab) Importer(815301076,1909f56bfc062723c751e8b465ee728b)
Start importing Assets/Scenes/Menu/Lightmap-1_comp_dir.png using Guid(5b660d5518244ce48b1830f55606e5ab) Importer(815301076,1909f56bfc062723c751e8b465ee728b) (PreviewImporter) -> (artifact id: '675be8b632cc07e042150866bf4987a0') in 0.0465484 seconds
Number of updated asset objects reloaded before import = 0Number of asset objects unloaded after import = 2

========================================================================
Received Import Request.
  Time since last request: 0.000045 seconds.
  path: Assets/Scenes/Menu/Lightmap-0_comp_light.exr
  artifactKey: Guid(bfc71d278e590cc4789bd13b22f95ed3) Importer(815301076,1909f56bfc062723c751e8b465ee728b)
Start importing Assets/Scenes/Menu/Lightmap-0_comp_light.exr using Guid(bfc71d278e590cc4789bd13b22f95ed3) Importer(815301076,1909f56bfc062723c751e8b465ee728b) (PreviewImporter) -> (artifact id: '110a56b49919844a26fdf2e33aa049bd') in 0.050805 seconds
Number of updated asset objects reloaded before import = 0Number of asset objects unloaded after import = 2

========================================================================
Received Import Request.
  Time since last request: 51.116025 seconds.
  path: Assets/Scenes/Menu/Lightmap-0_comp_dir.png
  artifactKey: Guid(cc8c7b647dc21274aaab85bea06f1ec4) Importer(815301076,1909f56bfc062723c751e8b465ee728b)
Start importing Assets/Scenes/Menu/Lightmap-0_comp_dir.png using Guid(cc8c7b647dc21274aaab85bea06f1ec4) Importer(815301076,1909f56bfc062723c751e8b465ee728b) (PreviewImporter) -> (artifact id: 'bf9871b38ec36b6a0ebe72898f68b6af') in 0.1502126 seconds
Number of updated asset objects reloaded before import = 0Number of asset objects unloaded after import = 2

Editor requested this worker to shutdown with reason: Scaling down because of idle timeout
AssetImportWorker is now disconnected from the server
Process exiting
Exiting without the bug reporter. Application will terminate with return code 0