[Licensing::Module] Trying to connect to existing licensing client channel...
Built from '6000.4/staging' branch; Version is '6000.4.0f1 (8cf496087c8f) revision 9237654'; Using compiler version '194234433'; Build Type 'Release'
OS: 'Windows 11  (10.0.26100) Professional' Language: 'en' Physical Memory: 16310 MB
[Licensing::IpcConnector] Successfully connected to: "LicenseClient-Maxi" at "2026-03-30T15:31:44.5079976Z"
BatchMode: 1, IsHumanControllingUs: 0, StartBugReporterOnCrash: 0, Is64bit: 1
System  architecture: x64
Process architecture: x64
Date: 2026-03-30T15:31:44Z

COMMAND LINE ARGUMENTS:
D:\Ewnety\6000.4.0f1\Editor\Unity.exe
-adb2
-batchMode
-noUpm
-name
AssetImportWorker4
-projectPath
C:/Users/Maxi/Documents/GitHub/Sanicball-DX
-logFile
Logs/AssetImportWorker4.log
-srvPort
65493
-licensingIpc
LicenseClient-Maxi
-force-d3d12
-job-worker-count
5
-background-job-worker-count
8
-gc-helper-count
1
-name
AssetImport
Successfully changed project path to: C:/Users/Maxi/Documents/GitHub/Sanicball-DX
C:/Users/Maxi/Documents/GitHub/Sanicball-DX
[UnityMemory] Configuration Parameters - Can be set up in boot.config
    "memorysetup-temp-allocator-size-gi-baking-worker=262144"
    "memorysetup-temp-allocator-size-gi-baking-worker=262144"
    "memorysetup-temp-allocator-size-gi-baking-worker=262144"
    "memorysetup-temp-allocator-size-gi-baking-worker=262144"
    "memorysetup-temp-allocator-size-gi-baking-worker=262144"
    "memorysetup-temp-allocator-size-nav-mesh-worker=65536"
    "memorysetup-temp-allocator-size-audio-worker=65536"
    "memorysetup-temp-allocator-size-cloud-worker=32768"
    "memorysetup-temp-allocator-size-gfx=262144"
    "memorysetup-temp-allocator-size-preload-manager=33554432"
    "memorysetup-temp-allocator-size-job-worker=262144"
    "memorysetup-temp-allocator-size-background-worker=32768"
    "memorysetup-allocator-temp-initial-block-size-main=262144"
    "memorysetup-allocator-temp-initial-block-size-worker=262144"
    "memorysetup-bucket-allocator-granularity=16"
    "memorysetup-bucket-allocator-bucket-count=8"
    "memorysetup-bucket-allocator-block-size=33554432"
    "memorysetup-bucket-allocator-block-count=8"
    "memorysetup-main-allocator-block-size=16777216"
    "memorysetup-thread-allocator-block-size=16777216"
    "memorysetup-gfx-main-allocator-block-size=16777216"
    "memorysetup-gfx-thread-allocator-block-size=16777216"
    "memorysetup-cache-allocator-block-size=4194304"
    "memorysetup-typetree-allocator-block-size=2097152"
    "memorysetup-profiler-bucket-allocator-granularity=16"
    "memorysetup-profiler-bucket-allocator-bucket-count=8"
    "memorysetup-profiler-bucket-allocator-block-size=33554432"
    "memorysetup-profiler-bucket-allocator-block-count=8"
    "memorysetup-profiler-allocator-block-size=16777216"
    "memorysetup-profiler-editor-allocator-block-size=1048576"
    "memorysetup-temp-allocator-size-main=16777216"
    "memorysetup-job-temp-allocator-block-size=2097152"
    "memorysetup-job-temp-allocator-block-size-background=1048576"
    "memorysetup-job-temp-allocator-reduction-small-platforms=262144"
Player connection [22252]  Target information:

Player connection [22252]  * "[IP] 192.168.59.1 [Port] 0 [Flags] 2 [Guid] 303796033 [EditorId] 303796033 [Version] 1048832 [Id] WindowsEditor(7,FunniPC) [Debug] 1 [PackageName] WindowsEditor [ProjectName] Editor" 

Player connection [22252]  * "[IP] 192.168.206.1 [Port] 0 [Flags] 2 [Guid] 303796033 [EditorId] 303796033 [Version] 1048832 [Id] WindowsEditor(7,FunniPC) [Debug] 1 [PackageName] WindowsEditor [ProjectName] Editor" 

Player connection [22252]  * "[IP] 192.168.178.168 [Port] 0 [Flags] 2 [Guid] 303796033 [EditorId] 303796033 [Version] 1048832 [Id] WindowsEditor(7,FunniPC) [Debug] 1 [PackageName] WindowsEditor [ProjectName] Editor" 

Player connection [22252] Host joined multi-casting on [225.0.0.222:54997]...
Player connection [22252] Host joined alternative multi-casting on [225.0.0.222:34997]...
JobSystem: Creating JobQueue using job-worker-count value 5
Input System module state changed to: Initialized.
[Physics::Module] Initialized fallback backend.
[Physics::Module] Id: 0xdecafbad
Library Redirect Path: Library/
[Physics::Module] Selected backend.
[Physics::Module] Name: PhysX
[Physics::Module] Id: 0xf2b8ea05
[Physics::Module] SDK Version: 4.1.2
[Physics::Module] Integration Version: 1.0.0
[Physics::Module] Threading Mode: Multi-Threaded
Refreshing native plugins compatible for Editor in 5.21 ms, found 2 plugins.
Initialize engine version: 6000.4.0f1 (8cf496087c8f)
[Subsystems] Discovering subsystems at path D:/Ewnety/6000.4.0f1/Editor/Data/Resources/UnitySubsystems
[Subsystems] Discovering subsystems at path C:/Users/Maxi/Documents/GitHub/Sanicball-DX/Assets
Forcing GfxDevice: Direct3D 12
GfxDevice: creating device client; kGfxThreadingModeNonThreaded
d3d12: failed to query info queue interface (0x80004002).
Direct3D:
    Version:         Direct3D 12 [level 12.2]
    Renderer:        AMD Radeon RX 7700 XT (ID=0x747e)
    Vendor:          ATI
    VRAM:            12081 MB
    App VRAM Budget: 11313 MB
    Driver:          32.0.23033.1002
Initialize mono
Mono path[0] = 'D:/Ewnety/6000.4.0f1/Editor/Data/Managed'
Mono path[1] = 'D:/Ewnety/6000.4.0f1/Editor/Data/MonoBleedingEdge/lib/mono/unityjit-win32'
Mono config path = 'D:/Ewnety/6000.4.0f1/Editor/Data/MonoBleedingEdge/etc'
Using monoOptions --debugger-agent=transport=dt_socket,embedding=1,server=y,suspend=n,address=127.0.0.1:56684
CodeReloadManager initialized
Begin MonoManager ReloadAssembly
Registering precompiled unity dll's ...
Register platform support module: D:/Ewnety/6000.4.0f1/Editor/Data/PlaybackEngines/WindowsStandaloneSupport/UnityEditor.WindowsStandalone.Extensions.dll
[Licensing::Module] Licensing is not yet initialized.
[Licensing::Client] Error: HandshakeResponse reported an error:
	ResponseCode: 505
	ResponseStatus: Unsupported protocol version '1.18.1'.
[Licensing::Module] Error: Failed to handshake to channel: "LicenseClient-Maxi"
[Licensing::IpcConnector] LicenseClient-Maxi channel disconnected successfully.
[Licensing::IpcConnector] Successfully connected to: "LicenseClient-Maxi-6000.4.0" at "2026-03-30T15:31:45.4721453Z"
[Licensing::Client] Handshaking with LicensingClient:
  Version:                 1.18.1+9fbee8e
  Session Id:              5b30475a609344208f4c0ba93853f298
  Correlation Id:          71b3e845ab3b577325afcff24cb99aec
  External correlation Id: 5402679246332319346
  Machine Id:              IkTvWfYHITFguh6+9JakOOPq8e4=
[Licensing::Module] Successfully connected to LicensingClient on channel: "LicenseClient-Maxi-6000.4.0" (connect: 0.00s, validation: 0.00s, handshake: 0.81s)
[Licensing::IpcConnector] Successfully connected to: "LicenseClient-Maxi-6000.4.0-notifications" at "2026-03-30T15:31:46.2856556Z"
[Licensing::Module] Licensing Background thread has ended after 1.78s
[Licensing::Module] Licensing is initialized (took 0.88s).
[Licensing::Client] Successfully resolved entitlement details
[Licensing::Module] License group:
  Id: F4-MESN-GUW7-62D3-FRZW-XXXX
  Product: Unity Personal
  Type: ULF
  Expiration: Unlimited
[Licensing::Module] License group:
  Id: 9071283907225-UnityPersXXXX
  Product: Unity Personal
  Type: Assigned
  Expiration: Unlimited
Register platform support module: D:/Ewnety/6000.4.0f1/Editor/Data/PlaybackEngines/AndroidPlayer/UnityEditor.Android.Extensions.dll
Registered in 0.881933 seconds.
Native extension for Android target not found
Android Extension - Scanning For ADB Devices 258 ms
Native extension for WindowsStandalone target not found
Package Manager log level set to [2]
[Package Manager] Failed to launch server process. Reason: Unity was launched with the -noUpm command-line argument
[Package Manager] Unable to send message (not connected to server process).
[Package Manager] Cannot connect to Unity Package Manager local server
ScheduleIndexationOnStartup MainProcess:False IndexOnStartup:True
Mono: successfully reloaded assembly
- Finished resetting the current domain, in  0.691 seconds
Domain Reload Profiling: 2062ms
	BeginReloadAssembly (153ms)
	RebuildCommonClasses (49ms)
	RebuildNativeTypeToScriptingClass (14ms)
	initialDomainReloadingComplete (946ms)
	LoadAllAssembliesAndSetupDomain (208ms)
		LoadAssemblies (151ms)
		AnalyzeDomain (198ms)
			TypeCache.Refresh (197ms)
				TypeCache.ScanAssembly (183ms)
	FinalizeReload (692ms)
		SetupLoadedEditorAssemblies (0ms)
			InitializePlatformSupportModulesInManaged (356ms)
			BeforeProcessingInitializeOnLoad (85ms)
			ProcessInitializeOnLoadAttributes (101ms)
			ProcessInitializeOnLoadMethodAttributes (73ms)
========================================================================
Worker process is ready to serve import requests
Import Worker Mode flag is 0x00
Begin MonoManager ReloadAssembly
[Licensing::Client] Successfully resolved entitlement details
[Licensing::Module] License group:
  Id: F4-MESN-GUW7-62D3-FRZW-XXXX
  Product: Unity Personal
  Type: ULF
  Expiration: Unlimited
[Licensing::Module] License group:
  Id: 9071283907225-UnityPersXXXX
  Product: Unity Personal
  Type: Assigned
  Expiration: Unlimited
Duplicate assembly 'Newtonsoft.Json.dll' with different versions detected, using 'Packages/com.unity.nuget.newtonsoft-json/Runtime/Newtonsoft.Json.dll, AssemblyName=Newtonsoft.Json, Version=13.0.0.0, Culture=neutral, PublicKeyToken=30ad4fe6b2a6aeed' and ignoring 'Assets/Assemblies/Newtonsoft.Json.dll, AssemblyName=Newtonsoft.Json, Version=6.0.0.0, Culture=neutral, PublicKeyToken=30ad4fe6b2a6aeed'.Assembly Assembly-CSharp-Editor-firstpass.dll at Library/ScriptAssemblies/Assembly-CSharp-Editor-firstpass.dll not valid. Loading of assembly skipped.
Assembly DocCodeExamples.dll at Library/ScriptAssemblies/DocCodeExamples.dll not valid. Loading of assembly skipped.
Assembly TestNewCustomAssembly.dll at Library/ScriptAssemblies/TestNewCustomAssembly.dll not valid. Loading of assembly skipped.
Assembly Unity.2D.Sprite.Package.EditorTests.dll at Library/ScriptAssemblies/Unity.2D.Sprite.Package.EditorTests.dll not valid. Loading of assembly skipped.
Assembly Unity.2D.Tilemap.Package.EditorTests.dll at Library/ScriptAssemblies/Unity.2D.Tilemap.Package.EditorTests.dll not valid. Loading of assembly skipped.
Assembly Unity.Analytics.DataPrivacy.Tests.dll at Library/ScriptAssemblies/Unity.Analytics.DataPrivacy.Tests.dll not valid. Loading of assembly skipped.
Assembly Unity.Analytics.StandardEvents.EditorTests.dll at Library/ScriptAssemblies/Unity.Analytics.StandardEvents.EditorTests.dll not valid. Loading of assembly skipped.
Assembly Unity.Collections.BurstCompatibilityGen.dll at Library/ScriptAssemblies/Unity.Collections.BurstCompatibilityGen.dll not valid. Loading of assembly skipped.
Assembly Unity.Collections.DocCodeSamples.dll at Library/ScriptAssemblies/Unity.Collections.DocCodeSamples.dll not valid. Loading of assembly skipped.
Assembly Unity.Collections.PerformanceTests.dll at Library/ScriptAssemblies/Unity.Collections.PerformanceTests.dll not valid. Loading of assembly skipped.
Assembly Unity.Collections.Tests.dll at Library/ScriptAssemblies/Unity.Collections.Tests.dll not valid. Loading of assembly skipped.
Assembly Unity.Collections.Tests.Playmode.dll at Library/ScriptAssemblies/Unity.Collections.Tests.Playmode.dll not valid. Loading of assembly skipped.
Assembly Unity.Mathematics.Tests.dll at Library/ScriptAssemblies/Unity.Mathematics.Tests.dll not valid. Loading of assembly skipped.
Assembly Unity.Multiplayer.Center.Editor.Tests.dll at Library/ScriptAssemblies/Unity.Multiplayer.Center.Editor.Tests.dll not valid. Loading of assembly skipped.
Assembly Unity.Multiplayer.Center.Tests.dll at Library/ScriptAssemblies/Unity.Multiplayer.Center.Tests.dll not valid. Loading of assembly skipped.
Assembly Unity.Nuget.Mono-Cecil.dll at Library/ScriptAssemblies/Unity.Nuget.Mono-Cecil.dll not valid. Loading of assembly skipped.
Assembly Unity.PathTracing.Editor.Tests.dll at Library/ScriptAssemblies/Unity.PathTracing.Editor.Tests.dll not valid. Loading of assembly skipped.
Assembly Unity.PathTracing.Runtime.Tests.dll at Library/ScriptAssemblies/Unity.PathTracing.Runtime.Tests.dll not valid. Loading of assembly skipped.
Assembly Unity.RenderPipelines.Core.Editor.Tests.dll at Library/ScriptAssemblies/Unity.RenderPipelines.Core.Editor.Tests.dll not valid. Loading of assembly skipped.
Assembly Unity.RenderPipelines.Core.Runtime.Tests.dll at Library/ScriptAssemblies/Unity.RenderPipelines.Core.Runtime.Tests.dll not valid. Loading of assembly skipped.
Assembly Unity.RenderPipelines.Universal.Config.Editor.Tests.dll at Library/ScriptAssemblies/Unity.RenderPipelines.Universal.Config.Editor.Tests.dll not valid. Loading of assembly skipped.
Assembly Unity.RenderPipelines.Universal.Editor.Tests.dll at Library/ScriptAssemblies/Unity.RenderPipelines.Universal.Editor.Tests.dll not valid. Loading of assembly skipped.
Assembly Unity.RenderPipelines.Universal.Runtime.Tests.dll at Library/ScriptAssemblies/Unity.RenderPipelines.Universal.Runtime.Tests.dll not valid. Loading of assembly skipped.
Assembly Unity.Searcher.EditorTests.dll at Library/ScriptAssemblies/Unity.Searcher.EditorTests.dll not valid. Loading of assembly skipped.
Assembly Unity.ShaderGraph.Editor.Tests.dll at Library/ScriptAssemblies/Unity.ShaderGraph.Editor.Tests.dll not valid. Loading of assembly skipped.
Assembly Unity.TextMeshPro.Editor.Tests.dll at Library/ScriptAssemblies/Unity.TextMeshPro.Editor.Tests.dll not valid. Loading of assembly skipped.
Assembly Unity.TextMeshPro.Tests.dll at Library/ScriptAssemblies/Unity.TextMeshPro.Tests.dll not valid. Loading of assembly skipped.
Assembly Unity.UnifiedRayTracing.Editor.Tests.dll at Library/ScriptAssemblies/Unity.UnifiedRayTracing.Editor.Tests.dll not valid. Loading of assembly skipped.
Assembly UnityEditor.UI.Common.Tests.dll at Library/ScriptAssemblies/UnityEditor.UI.Common.Tests.dll not valid. Loading of assembly skipped.
Assembly UnityEditor.UI.EditorTests.dll at Library/ScriptAssemblies/UnityEditor.UI.EditorTests.dll not valid. Loading of assembly skipped.
Assembly UnityEditor.XR.LegacyInputHelpers.Tests.dll at Library/ScriptAssemblies/UnityEditor.XR.LegacyInputHelpers.Tests.dll not valid. Loading of assembly skipped.
Assembly UnityEngine.Advertisements.Editor.Tests.dll at Library/ScriptAssemblies/UnityEngine.Advertisements.Editor.Tests.dll not valid. Loading of assembly skipped.
Assembly UnityEngine.Advertisements.Tests.dll at Library/ScriptAssemblies/UnityEngine.Advertisements.Tests.dll not valid. Loading of assembly skipped.
Assembly UnityEngine.Purchasing.Apple.dll at Library/ScriptAssemblies/UnityEngine.Purchasing.Apple.dll not valid. Loading of assembly skipped.
Assembly UnityEngine.Purchasing.AppleMacos.dll at Library/ScriptAssemblies/UnityEngine.Purchasing.AppleMacos.dll not valid. Loading of assembly skipped.
Assembly UnityEngine.Purchasing.Security.dll at Library/ScriptAssemblies/UnityEngine.Purchasing.Security.dll not valid. Loading of assembly skipped.
Assembly UnityEngine.Purchasing.WinRT.dll at Library/ScriptAssemblies/UnityEngine.Purchasing.WinRT.dll not valid. Loading of assembly skipped.
Assembly UnityEngine.SpatialTracking.Tests.dll at Library/ScriptAssemblies/UnityEngine.SpatialTracking.Tests.dll not valid. Loading of assembly skipped.
Assembly UnityEngine.UI.Tests.dll at Library/ScriptAssemblies/UnityEngine.UI.Tests.dll not valid. Loading of assembly skipped.
Symbol file LoadedFromMemory is not a mono symbol file
OnLevelWasLoaded was found on MatchManager
This message has been deprecated and will be removed in a later version of Unity.
Add a delegate to SceneManager.sceneLoaded instead to get notifications after scene loading has completed
Refreshing native plugins compatible for Editor in 5.68 ms, found 2 plugins.
OnLevelWasLoaded was found on MatchManager
This message has been deprecated and will be removed in a later version of Unity.
Add a delegate to SceneManager.sceneLoaded instead to get notifications after scene loading has completed
Native extension for Android target not found
Native extension for WindowsStandalone target not found
[Package Manager] Failed to launch server process. Reason: Unity was launched with the -noUpm command-line argument
[Package Manager] Unable to send message (not connected to server process).
[Package Manager] Cannot connect to Unity Package Manager local server
[Package Manager] Failed to launch server process. Reason: Unity was launched with the -noUpm command-line argument
[Package Manager] Unable to send message (not connected to server process).
[Package Manager] Cannot connect to Unity Package Manager local server
ScheduleIndexationOnStartup MainProcess:False IndexOnStartup:True
Mono: successfully reloaded assembly
- Finished resetting the current domain, in  0.915 seconds
Domain Reload Profiling: 1797ms
	BeginReloadAssembly (198ms)
		DisableScriptedObjects (8ms)
		CreateAndSetChildDomain (29ms)
	RebuildCommonClasses (41ms)
	RebuildNativeTypeToScriptingClass (13ms)
	initialDomainReloadingComplete (72ms)
	LoadAllAssembliesAndSetupDomain (558ms)
		LoadAssemblies (419ms)
		AnalyzeDomain (250ms)
			TypeCache.Refresh (170ms)
				TypeCache.ScanAssembly (152ms)
			BuildScriptInfoCaches (62ms)
			ResolveRequiredComponents (15ms)
	FinalizeReload (916ms)
		SetupLoadedEditorAssemblies (0ms)
			InitializePlatformSupportModulesInManaged (8ms)
			BeforeProcessingInitializeOnLoad (146ms)
			ProcessInitializeOnLoadAttributes (247ms)
			ProcessInitializeOnLoadMethodAttributes (269ms)
		AwakeInstancesAfterBackupRestoration (7ms)
Launched and connected shader compiler UnityShaderCompiler.exe after 0.02 seconds
Refreshing native plugins compatible for Editor in 5.10 ms, found 2 plugins.
Unloading 24 Unused Serialized files (Serialized files now loaded: 0)
Unloading 5651 unused Assets / (5.3 MB). Loaded Objects now: 6510.
Memory consumption went from 159.3 MB to 154.0 MB.
Total: 12.666200 ms (FindLiveObjects: 0.680000 ms CreateObjectMapping: 0.469300 ms MarkObjects: 9.510000 ms  DeleteObjects: 2.004900 ms)

========================================================================
Received Import Request.
  Time since last request: 26141.760376 seconds.
  path: Assets/Prefabs/Ingame/Gameplay/EndOfMatch.prefab
  importAddress: Guid(1982fd417715fa24b9a9c07b4c205657) Importer(2089858483,e11c23a36db5f54750b8cd40eac0985b)
Start importing Assets/Prefabs/Ingame/Gameplay/EndOfMatch.prefab using Guid(1982fd417715fa24b9a9c07b4c205657) Importer(2089858483,e11c23a36db5f54750b8cd40eac0985b) (ScriptedImporter) -> (Import Result ID: '4bb4796104f28ac69d3c781f10354b3b') in 0.1938642 seconds [static and dynamic dependencies]. Details - ImportResultOutputID=f18852064ea82d402ae1af1a93c1d0d5 DependenciesID=54782695e930cfdf6bf7fd091b7d2c50 StaticDependenciesID=d7c40740da111860338b93b9c122bb0b 
Number of updated asset objects reloaded before import = 0Number of asset objects unloaded after import = 135

========================================================================
Received Import Request.
  Time since last request: 0.000023 seconds.
  path: Assets/Prefabs/User Interface/Stage selection/StageImage.prefab
  importAddress: Guid(587566f3c2a2c944fac4d89ba0e6e7b7) Importer(2089858483,e11c23a36db5f54750b8cd40eac0985b)
Start importing Assets/Prefabs/User Interface/Stage selection/StageImage.prefab using Guid(587566f3c2a2c944fac4d89ba0e6e7b7) Importer(2089858483,e11c23a36db5f54750b8cd40eac0985b) (ScriptedImporter) -> (Import Result ID: '1c5b404b5f4295d3032514730d84cf06') in 0.0413735 seconds [static and dynamic dependencies]. Details - ImportResultOutputID=051d49c2cd056c1a95a03acb772611c9 DependenciesID=5bc63146b03955b9686f3687c85e10ed StaticDependenciesID=199e3899631b991aae32eb4378b977bf 
Number of updated asset objects reloaded before import = 0Number of asset objects unloaded after import = 10

========================================================================
Received Import Request.
  Time since last request: 0.000030 seconds.
  path: Assets/Prefabs/User Interface/MusicPlayerCanvas.prefab
  importAddress: Guid(8cee92b7e27d99042b0a050e833b027a) Importer(2089858483,e11c23a36db5f54750b8cd40eac0985b)
Start importing Assets/Prefabs/User Interface/MusicPlayerCanvas.prefab using Guid(8cee92b7e27d99042b0a050e833b027a) Importer(2089858483,e11c23a36db5f54750b8cd40eac0985b) (ScriptedImporter) -> (Import Result ID: 'caae0ad90246817de0906c6641b5edb9') in 0.0313055 seconds [static and dynamic dependencies]. Details - ImportResultOutputID=b490501d2084a72138bccd0724a5f3b7 DependenciesID=c877426555f2739c4b74a09d35bc6241 StaticDependenciesID=9e1f02000901c6e599c27b7374eee444 
Number of updated asset objects reloaded before import = 0Number of asset objects unloaded after import = 30

========================================================================
Received Import Request.
  Time since last request: 0.000015 seconds.
  path: Assets/Prefabs/Ingame/Gameplay/Spawnpoint.prefab
  importAddress: Guid(1744336a2c795c741bd68a34779b59bb) Importer(2089858483,e11c23a36db5f54750b8cd40eac0985b)
Start importing Assets/Prefabs/Ingame/Gameplay/Spawnpoint.prefab using Guid(1744336a2c795c741bd68a34779b59bb) Importer(2089858483,e11c23a36db5f54750b8cd40eac0985b) (ScriptedImporter) -> (Import Result ID: 'ccc5140f85b1bffd994f51b2384f97eb') in 0.0227135 seconds [static and dynamic dependencies]. Details - ImportResultOutputID=3e93d4f9ca1cad98d798c42e5dd8579c DependenciesID=17277dbae7e9760c9b85513bf3489211 StaticDependenciesID=aef3872fc01bc4a081762b42a1706452 
Number of updated asset objects reloaded before import = 0Number of asset objects unloaded after import = 75

========================================================================
Received Import Request.
  Time since last request: 0.000021 seconds.
  path: Assets/Scenes/Intro.unity
  importAddress: Guid(48101ff8d549d8341866310edc781562) Importer(2089858483,e11c23a36db5f54750b8cd40eac0985b)
Start importing Assets/Scenes/Intro.unity using Guid(48101ff8d549d8341866310edc781562) Importer(2089858483,e11c23a36db5f54750b8cd40eac0985b) (ScriptedImporter)Opening scene 'Assets/Scenes/Intro.unity additively'
Unknown error occurred while loading 'Assets/Art/Easter eggs/Ogre/Ogre.mat'.
UnityEngine.Debug:ExtractStackTraceNoAlloc (byte*,int,string)
UnityEngine.StackTraceUtility:ExtractStackTrace ()
UnityEditor.SceneManagement.EditorSceneManager:OpenScene (string,UnityEditor.SceneManagement.OpenSceneMode)
UnityEditor.Search.AssetIndexer:IndexScene (string,bool)
UnityEditor.Search.AssetIndexer:IndexSceneDocument (string,bool)
UnityEditor.Search.AssetIndexer:IndexDocument (string,bool)
UnityEditor.Search.SearchIndexArtifactImporter:OnImportAsset (UnityEditor.AssetImporters.AssetImportContext)
UnityEditor.AssetImporters.ScriptedImporter:GenerateAssetData (UnityEditor.AssetImporters.AssetImportContext)

[ line 0]

Loaded scene 'Assets/Scenes/Intro.unity'
	Deserialize:            5.229 ms
	Integration:            423.219 ms
	Integration of assets:  0.334 ms
	Thread Wait Time:       -0.005 ms
	Total Operation Time:   428.776 ms
 -> (Import Result ID: 'd37e887de23bfee0c82342f3a45607c8') in 0.4759824 seconds [static and dynamic dependencies]. Details - ImportResultOutputID=0b07337a8438303b6c000ac2d6602858 DependenciesID=d25697d039b2eee83295ff945e38aae7 StaticDependenciesID=7af698e036ad77554f602fcad7f7b418 
Number of updated asset objects reloaded before import = 0Number of asset objects unloaded after import = 168

========================================================================
Received Import Request.
  Time since last request: 0.000029 seconds.
  path: Assets/Prefabs/Instantiated/Hats/ESportsHat.prefab
  importAddress: Guid(8db695c5167175b4f8c02e1d1f7e5b99) Importer(2089858483,e11c23a36db5f54750b8cd40eac0985b)
Start importing Assets/Prefabs/Instantiated/Hats/ESportsHat.prefab using Guid(8db695c5167175b4f8c02e1d1f7e5b99) Importer(2089858483,e11c23a36db5f54750b8cd40eac0985b) (ScriptedImporter) -> (Import Result ID: 'c37afabf01dfbbaa490c514635cccd34') in 0.0157345 seconds [static and dynamic dependencies]. Details - ImportResultOutputID=7ce7b3a964ce01c54da74755ebdb76e5 DependenciesID=74f60e705961cd1df0352524535a6d18 StaticDependenciesID=388e31566bb2352779f37f107f8beec3 
Number of updated asset objects reloaded before import = 0Number of asset objects unloaded after import = 8

========================================================================
Received Import Request.
  Time since last request: 0.000030 seconds.
  path: Assets/Prefabs/User Interface/Controls/Special/ScoreboardEntry.prefab
  importAddress: Guid(b999f09656794fa4db94a384115f83cf) Importer(2089858483,e11c23a36db5f54750b8cd40eac0985b)
Start importing Assets/Prefabs/User Interface/Controls/Special/ScoreboardEntry.prefab using Guid(b999f09656794fa4db94a384115f83cf) Importer(2089858483,e11c23a36db5f54750b8cd40eac0985b) (ScriptedImporter) -> (Import Result ID: 'ecf35bef6c0ab4eab3ba1becb67daa74') in 0.0310496 seconds [static and dynamic dependencies]. Details - ImportResultOutputID=08d66699f9250f422fe3a139c2e9239f DependenciesID=b1ea80860754f9fb98c86e7cbc0e4e13 StaticDependenciesID=34cb58154b23f4bfe8c8e58ca648c92a 
Number of updated asset objects reloaded before import = 0Number of asset objects unloaded after import = 29

========================================================================
Received Import Request.
  Time since last request: 0.000026 seconds.
  path: Assets/Prefabs/Ingame/Scenery/05 Dusty Desert/Rock02Desert.prefab
  importAddress: Guid(9575c9f25cfd65540871a12518cd9472) Importer(2089858483,e11c23a36db5f54750b8cd40eac0985b)
Start importing Assets/Prefabs/Ingame/Scenery/05 Dusty Desert/Rock02Desert.prefab using Guid(9575c9f25cfd65540871a12518cd9472) Importer(2089858483,e11c23a36db5f54750b8cd40eac0985b) (ScriptedImporter) -> (Import Result ID: 'd92b8bccec79e06dd4acbb981173d224') in 0.013897 seconds [static and dynamic dependencies]. Details - ImportResultOutputID=27548119a106bd9a3a35b7c2414e11f9 DependenciesID=c5d7402854fb6df09750c4198185ddec StaticDependenciesID=eff6451b1d6b2cdc5cfcfed39684aecd 
Number of updated asset objects reloaded before import = 0Number of asset objects unloaded after import = 9

========================================================================
Received Import Request.
  Time since last request: 0.000018 seconds.
  path: Assets/Scenes/Menu.unity
  importAddress: Guid(451586f28ff22a946b895ef0d457d0d9) Importer(2089858483,e11c23a36db5f54750b8cd40eac0985b)
Start importing Assets/Scenes/Menu.unity using Guid(451586f28ff22a946b895ef0d457d0d9) Importer(2089858483,e11c23a36db5f54750b8cd40eac0985b) (ScriptedImporter)Opening scene 'Assets/Scenes/Menu.unity additively'
Loaded scene 'Assets/Scenes/Menu.unity'
	Deserialize:            868.372 ms
	Integration:            519.052 ms
	Integration of assets:  2.118 ms
	Thread Wait Time:       -0.234 ms
	Total Operation Time:   1389.308 ms
 -> (Import Result ID: 'c1bedccbab84a95a34203626aad0e784') in 2.1372222 seconds [static and dynamic dependencies]. Details - ImportResultOutputID=25ca43717ca6b0d1a68447ce8da21ca7 DependenciesID=ff1c68354596b6c56010c19341cc4d40 StaticDependenciesID=a2eb2a3c320c2c6ffc4ede633f3590c1 
Number of updated asset objects reloaded before import = 0Number of asset objects unloaded after import = 1172

========================================================================
Received Import Request.
  Time since last request: 0.000037 seconds.
  path: Assets/Prefabs/Lobby/Stage overviews/StageOverview_RainbowRoad.prefab
  importAddress: Guid(cfb95fbdd5d7c3b40965abafdb30631c) Importer(2089858483,e11c23a36db5f54750b8cd40eac0985b)
Start importing Assets/Prefabs/Lobby/Stage overviews/StageOverview_RainbowRoad.prefab using Guid(cfb95fbdd5d7c3b40965abafdb30631c) Importer(2089858483,e11c23a36db5f54750b8cd40eac0985b) (ScriptedImporter) -> (Import Result ID: 'b8d82c99c873786e8393d8121efdb13d') in 0.0173169 seconds [static and dynamic dependencies]. Details - ImportResultOutputID=f2cd870fce7a338efb78745be79a9cbe DependenciesID=9546af80e76c1d1b9d95d1574fbc03ee StaticDependenciesID=9c5191706b26738938f0a52bc6a8f166 
Number of updated asset objects reloaded before import = 0Number of asset objects unloaded after import = 14

========================================================================
Received Import Request.
  Time since last request: 0.000025 seconds.
  path: Assets/Prefabs/Ingame/Scenery/05 Dusty Desert/RockPoopDesert.prefab
  importAddress: Guid(34875bb32849f80408682a5540a76792) Importer(2089858483,e11c23a36db5f54750b8cd40eac0985b)
Start importing Assets/Prefabs/Ingame/Scenery/05 Dusty Desert/RockPoopDesert.prefab using Guid(34875bb32849f80408682a5540a76792) Importer(2089858483,e11c23a36db5f54750b8cd40eac0985b) (ScriptedImporter) -> (Import Result ID: '5d06c2bdbd61faf6869e64f5b044d14d') in 0.013763 seconds [static and dynamic dependencies]. Details - ImportResultOutputID=c43dc0ab7071ee9f70f5a3d5510b878b DependenciesID=eb3f1e3cb0c20c2b74bd1d104e178c45 StaticDependenciesID=a853aa69aa92aff4c120bf9078dbea98 
Number of updated asset objects reloaded before import = 0Number of asset objects unloaded after import = 9

========================================================================
Received Import Request.
  Time since last request: 0.000015 seconds.
  path: Assets/Prefabs/User Interface/Controls/TextControl.prefab
  importAddress: Guid(348966db71fa603449cae3efa7eda193) Importer(2089858483,e11c23a36db5f54750b8cd40eac0985b)
Start importing Assets/Prefabs/User Interface/Controls/TextControl.prefab using Guid(348966db71fa603449cae3efa7eda193) Importer(2089858483,e11c23a36db5f54750b8cd40eac0985b) (ScriptedImporter) -> (Import Result ID: 'aab861fe24ff6a64c8e626c4ec982c89') in 0.0181833 seconds [static and dynamic dependencies]. Details - ImportResultOutputID=5c9142eeace003f9faa7821d6cb3c56c DependenciesID=3c12f563ca92818117a076fa697f21ed StaticDependenciesID=7d88e396998a5a07ad53b3d96fb56e6e 
Number of updated asset objects reloaded before import = 0Number of asset objects unloaded after import = 11

========================================================================
Received Import Request.
  Time since last request: 0.000017 seconds.
  path: Assets/Scenes/Track_GreenHillZone.unity
  importAddress: Guid(dd3bbb09ce1af034192ad01d199b5a98) Importer(2089858483,e11c23a36db5f54750b8cd40eac0985b)
Start importing Assets/Scenes/Track_GreenHillZone.unity using Guid(dd3bbb09ce1af034192ad01d199b5a98) Importer(2089858483,e11c23a36db5f54750b8cd40eac0985b) (ScriptedImporter)Opening scene 'Assets/Scenes/Track_GreenHillZone.unity additively'
LightingSettings: switching bake backend from 2 to 1.
Problem detected while opening the Scene file: 'Assets/Scenes/Track_GreenHillZone.unity'.
Check the following logs for more details.
UnityEngine.Debug:ExtractStackTraceNoAlloc (byte*,int,string)
UnityEngine.StackTraceUtility:ExtractStackTrace ()
UnityEditor.SceneManagement.EditorSceneManager:OpenScene (string,UnityEditor.SceneManagement.OpenSceneMode)
UnityEditor.Search.AssetIndexer:IndexScene (string,bool)
UnityEditor.Search.AssetIndexer:IndexSceneDocument (string,bool)
UnityEditor.Search.AssetIndexer:IndexDocument (string,bool)
UnityEditor.Search.SearchIndexArtifactImporter:OnImportAsset (UnityEditor.AssetImporters.AssetImportContext)
UnityEditor.AssetImporters.ScriptedImporter:GenerateAssetData (UnityEditor.AssetImporters.AssetImportContext)

[C:\build\output\unity\unity\Runtime\PreloadManager\LoadSceneOperation.cpp line 839]

Prefab instance problem. Missing Prefab Asset: 'AIPath_Seasidehill (Missing Prefab with guid: 65fba0833f14ed2468a8bc6159dc8575)'
UnityEngine.Debug:ExtractStackTraceNoAlloc (byte*,int,string)
UnityEngine.StackTraceUtility:ExtractStackTrace ()
UnityEditor.SceneManagement.EditorSceneManager:OpenScene (string,UnityEditor.SceneManagement.OpenSceneMode)
UnityEditor.Search.AssetIndexer:IndexScene (string,bool)
UnityEditor.Search.AssetIndexer:IndexSceneDocument (string,bool)
UnityEditor.Search.AssetIndexer:IndexDocument (string,bool)
UnityEditor.Search.SearchIndexArtifactImporter:OnImportAsset (UnityEditor.AssetImporters.AssetImportContext)
UnityEditor.AssetImporters.ScriptedImporter:GenerateAssetData (UnityEditor.AssetImporters.AssetImportContext)

[C:\build\output\unity\unity\Runtime\BaseClasses\ErrorsAndWarningsCapture.cpp line 66]

Loaded scene 'Assets/Scenes/Track_GreenHillZone.unity'
	Deserialize:            41.030 ms
	Integration:            1134.707 ms
	Integration of assets:  0.324 ms
	Thread Wait Time:       -0.218 ms
	Total Operation Time:   1175.842 ms
 -> (Import Result ID: '8ed05bac11c0ba8cc41767b8d250dbb4') in 4.8061987 seconds [static and dynamic dependencies]. Details - ImportResultOutputID=819e5bb8bbbae3d1787b7050a5d3be30 DependenciesID=84ecd3574b53f0583f757b65512301f0 StaticDependenciesID=4609ccfc4b84fc1dc47e5b13a569ffab 
Number of updated asset objects reloaded before import = 0Number of asset objects unloaded after import = 759

========================================================================
Received Import Request.
  Time since last request: 17.119880 seconds.
  path: Assets/Scenes/Track_GreenHillZone.unity
  importAddress: Guid(dd3bbb09ce1af034192ad01d199b5a98) Importer(2089858483,b0f066a214c2f5e87bad3c948f4d605d)
Start importing Assets/Scenes/Track_GreenHillZone.unity using Guid(dd3bbb09ce1af034192ad01d199b5a98) Importer(2089858483,b0f066a214c2f5e87bad3c948f4d605d) (ScriptedImporter) -> (Import Result ID: 'ccadcdb261bf1219d3b0eda3fdbdbb5a') in 0.0281358 seconds [static and dynamic dependencies]. Details - ImportResultOutputID=29273ae08cea77551e3045ef72815965 DependenciesID=8000b8551c0797572c0bec41e5235fec StaticDependenciesID=510c0f9b4055acc49238815afbc65995 
Number of updated asset objects reloaded before import = 0Number of asset objects unloaded after import = 1

